attributes.test           33/35   (2 skipped)
block_quote.test          14/15 
code_blocks.test           6/7  
definition_lists.test      1/4  
symb.test                  0/0    (2 skipped)
emphasis.test             35/35 
escapes.test               6/6  
fenced_divs.test           8/8  
footnotes.test             3/4  
headings.test             14/17 
insert_delete_mark.test    4/4  
links_and_images.test     29/32 
lists.test                30/31 
math.test                  6/8  
para.test                  1/1  
raw.test                   4/4  
regression.test            3/5    (1 skipped)
smart.test                18/18 
spans.test                 3/3  
sourcepos.test             0/0    (1 skipped)
super_subscript.test       4/4  
tables.test                9/9  
task_lists.test            3/3  
thematic_breaks.test       4/4  
verbatim.test              8/8  
TOTAL                    246/265  (6 skipped)
