basic inline parse
==========
((0 "") (Emphasis (Text hello)))

block ID paragraph suffix
==========
terminal suffix
----------
((Paragraph (Text "text ^block-id")) (meta (block-id block-id)))

last candidate wins
----------
((Paragraph (Text "a ^x ^final1")) (meta (block-id final1)))

multiline final line
----------
((Paragraph (Inlines (Text first) (Break soft) (Text "second ^final")))
 (meta (block-id final)))

non-final candidate
----------
(Paragraph (Inlines (Text "first ^not-final") (Break soft) (Text second)))

invalid underscore
----------
(Paragraph (Text "text ^block_id"))

escaped caret
----------
(Paragraph (Text "text ^block-id"))

list item paragraph
----------
(List ((Paragraph (Text "item ^item-id")) (meta (block-id item-id))))

Djot attributes
==========
stacked text attributes
----------
(Attributes "lang=fr .blue" (Text avant))

emphasis attributes
----------
(Attributes "#foo .bar" (Emphasis (Text text)))

extra container attributes
----------
(Attributes .marked (Extra_inline_container Highlight (Text text)))

multiline inline attributes
----------
(Attributes "#foo .bar key=\"a b\"" (Text text))

comment within attributes
----------
(Attributes #id (Text word))

comment-only specifier dropped
----------
(Inlines (Text word) (Text " tail"))

standalone comment dropped
----------
(Inlines (Text "Foo bar ") (Text " baz."))

empty specifier dropped
----------
(Inlines (Text word) (Text " tail"))

stacked block attributes
----------
(Attributes "#water .important .large" (Paragraph (Text Flow.)))

block quote attributes
----------
(Attributes source=Iliad (Block_quote (Paragraph (Text "Sing, muse"))))

multiline block attributes
----------
(Attributes "#water .important key=\"two words\"" (Paragraph (Text Flow.)))

block comment-only specifier dropped
----------
(Paragraph (Text Flow.))

block comment among specifiers dropped
----------
(Attributes #water (Paragraph (Text Flow.)))

intraword emphasis knob tokenization
==========
default
----------
((Emphasis_marks
  ((start 1) (char *) (count 1) (may_open true) (may_close true)
   (open_marker false) (close_marker false)))
 (Emphasis_marks
  ((start 3) (char *) (count 1) (may_open true) (may_close true)
   (open_marker false) (close_marker false))))

intraword_emphasis:false
----------
()

boundary emphasis still tokenizes
----------
((Emphasis_marks
  ((start 0) (char *) (count 1) (may_open true) (may_close false)
   (open_marker false) (close_marker false)))
 (Emphasis_marks
  ((start 6) (char *) (count 1) (may_open false) (may_close true)
   (open_marker false) (close_marker false))))

marked emphasis delimiter tokenization
==========
default
----------
((Emphasis_marks
  ((start 1) (char _) (count 1) (may_open true) (may_close false)
   (open_marker false) (close_marker false)))
 (Emphasis_marks
  ((start 7) (char _) (count 1) (may_open false) (may_close true)
   (open_marker false) (close_marker false))))

marked_emphasis_delims:true
----------
((Emphasis_marks
  ((start 1) (char _) (count 1) (may_open true) (may_close false)
   (open_marker true) (close_marker false)))
 (Emphasis_marks
  ((start 7) (char _) (count 1) (may_open false) (may_close true)
   (open_marker false) (close_marker true))))

forced opener cannot close
----------
((Emphasis_marks
  ((start 2) (char _) (count 1) (may_open true) (may_close false)
   (open_marker true) (close_marker false)))
 (Emphasis_marks
  ((start 4) (char _) (count 1) (may_open false) (may_close true)
   (open_marker false) (close_marker false))))

forced closer cannot open
----------
((Emphasis_marks
  ((start 0) (char _) (count 1) (may_open true) (may_close false)
   (open_marker false) (close_marker false)))
 (Emphasis_marks
  ((start 2) (char _) (count 1) (may_open false) (may_close true)
   (open_marker false) (close_marker true))))

marked emphasis delimiter parse
==========
default
----------
(Inlines (Text {) (Emphasis (Text hello)) (Text }))

marked_emphasis_delims:true
----------
(Emphasis (Text hello))

strong emphasis width parse
==========
default
----------
(Emphasis (Text hello))

strong_emphasis_width:1
----------
(Strong_emphasis (Text hello))

extra inline container parse
==========
default
----------
(Text {=hello=})

extra_inline_containers:explicit tokens
----------
((Extra_inline_container_marks
  ((start 0) (char =) (kind Highlight) (curly true) (may_open true)
   (may_close false)))
 (Extra_inline_container_marks
  ((start 7) (char =) (kind Highlight) (curly true) (may_open false)
   (may_close true))))

extra_inline_containers:explicit parse
----------
(Extra_inline_container Highlight (Text hello))
(Extra_inline_container Superscript (Text hello))
(Extra_inline_container Subscript (Text hello))
(Extra_inline_container Inserted (Text hello))
(Extra_inline_container Deleted (Text hello))

nested inline payload
----------
(Extra_inline_container Highlight (Inlines (Text "a ") (Emphasis (Text b))))

optional curly shorthand
----------
(Extra_inline_container Highlight (Text hello))

extra inline container precedence
==========
first closed opener wins
----------
(Inlines (Extra_inline_container Highlight (Text "a ^b")) (Text " c^"))

nested extra containers
----------
(Extra_inline_container Highlight
 (Inlines (Text "a ") (Extra_inline_container Superscript (Text b))
  (Text " c")))

nested same-kind extra containers
----------
(Extra_inline_container Highlight
 (Inlines (Text "a ") (Extra_inline_container Highlight (Text b))
  (Text " c")))

marked emphasis delimiter commonmark rendering
==========
without markers
----------
_hello_
with markers
----------
{_hello_}
parsed marked delimiters
----------
{_hello_}
wikilink tokenization
==========
disabled keeps link tokens
----------
((Link_start (start 0) (image false)) (Link_start (start 1) (image false))
 (Right_brack (start 3)) (Right_brack (start 4)))

enabled emits wikilink start
----------
((Wikilink_start (start 0) (embed false)))

embed form
----------
((Wikilink_start (start 0) (embed true)))

unterminated falls back to links
----------
((Link_start (start 0) (image false)) (Link_start (start 1) (image false)))

wikilink parse
==========
target only
----------
(Wikilink Note "" "")

heading and display
----------
(Wikilink Note (Heading H1 H2) Display)

block reference
----------
(Wikilink Note (Block_ref block-1) "")

embed
----------
(Wikilink_embed Pic.png "" "")

display only
----------
(Wikilink "" "" "just text")

among other inlines
----------
(Inlines (Text "a ") (Wikilink w "" "") (Text " and ") (Emphasis (Text b))
 (Text " and ") (Link (Text l)))

not parsed in code span
----------
(Code_span [[w]])

wikilink commonmark roundtrip
==========
link form
----------
[[Note#H|D]]
embed form
----------
![[Pic.png]]
verbatim spacing preserved
----------
[[ a # b | c ]]
callout parse
==========
title and body
----------
((Block_quote
  (Paragraph (Inlines (Text "[!info] Title") (Break soft) (Text Body))))
 (meta (callout info (fold none))))

title only (default title)
----------
((Block_quote (Paragraph (Text [!tip]))) (meta (callout tip (fold none))))

foldable collapsed
----------
((Block_quote
  (Paragraph (Inlines (Text "[!faq]- Question?") (Break soft) (Text Answer))))
 (meta (callout faq (fold closed))))

foldable expanded
----------
((Block_quote
  (Paragraph (Inlines (Text "[!note]+ Expanded") (Break soft) (Text body))))
 (meta (callout note (fold open))))

case insensitive kind
----------
((Block_quote (Paragraph (Text "[!WARNING] Watch out")))
 (meta (callout warning (fold none))))

not a callout
----------
(Block_quote (Paragraph (Text "just a quote")))

empty kind rejected
----------
(Block_quote (Paragraph (Text "[!] nope")))

kind with space rejected
----------
(Block_quote (Paragraph (Text "[!bad kind] x")))

nested callout
----------
((Block_quote
  (Blocks (Paragraph (Inlines (Text [!quote]) (Break soft) (Text outer)))
   ((Block_quote
     (Paragraph (Inlines (Text "[!note] inner") (Break soft) (Text deep))))
    (meta (callout note (fold none))))))
 (meta (callout quote (fold none))))

callout restricted kinds
==========
allowed kind
----------
((Block_quote (Paragraph (Text "[!info] yes")))
 (meta (callout info (fold none))))

disallowed kind stays blockquote
----------
(Block_quote (Paragraph (Text "[!tip] no")))

callout html rendering
==========
non-foldable
----------
<div class="callout" data-callout="info">
<div class="callout-title">Title</div>
<div class="callout-content">
<p>Body</p>
</div>
</div>

foldable expanded
----------
<details class="callout" data-callout="note" open>
<summary class="callout-title">T</summary>
<div class="callout-content">
<p>body</p>
</div>
</details>

foldable collapsed
----------
<details class="callout" data-callout="faq">
<summary class="callout-title">T</summary>
<div class="callout-content">
<p>body</p>
</div>
</details>

formatted title
----------
<div class="callout" data-callout="info">
<div class="callout-title">See <strong>bold</strong> and <a href="u">text</a></div>
<div class="callout-content">
<p>body</p>
</div>
</div>

title starts with formatting
----------
<div class="callout" data-callout="tip">
<div class="callout-title"><strong>right away</strong></div>
<div class="callout-content">
<p>body</p>
</div>
</div>

callout commonmark roundtrip is stable
==========
with body
----------
stable: true
> \[!info\] T
> body
> more
foldable
----------
stable: true
> \[!faq\]- Q?
> A
extra inline container AST support
==========
sexp
----------
(Extra_inline_container Highlight (Text hello))

commonmark rendering
----------
{=hello=}{^hello^}{~hello~}{+hello+}{-hello-}
